Connected to DB
Creating test complaint directly in DB...
Created complaint ID: 31
Setting status to Resolved...
Attempting to edit resolved complaint (expecting 403)...
^C